CRITICAL - 2026-09-29 10:23:40 --> ParseError: syntax error, unexpected identifier " ", expecting "," or ";"
[Method: GET, Route: accounts]
in APPPATH\Views\customer_accounts.php on line 379.
 1 SYSTEMPATH\View\View.php(237): CodeIgniter\View\View->CodeIgniter\View\{closure}()
 2 SYSTEMPATH\Common.php(1171): CodeIgniter\View\View->render('customer_accounts', [], true)
 3 APPPATH\Controllers\CustomerAccounts.php(66): view('customer_accounts', [...])
 4 SYSTEMPATH\CodeIgniter.php(933): App\Controllers\CustomerAccounts->index()
 5 SYSTEMPATH\CodeIgniter.php(509): CodeIgniter\CodeIgniter->runController(Object(App\Controllers\CustomerAccounts))
 6 SYSTEMPATH\CodeIgniter.php(355): CodeIgniter\CodeIgniter->handleRequest(null, Object(Config\Cache), false)
 7 SYSTEMPATH\Boot.php(325): CodeIgniter\CodeIgniter->run()
 8 SYSTEMPATH\Boot.php(67): CodeIgniter\Boot::runCodeIgniter(Object(CodeIgniter\CodeIgniter))
 9 FCPATH\index.php(56): CodeIgniter\Boot::bootWeb(Object(Config\Paths))
CRITICAL - 2026-09-29 10:23:42 --> ParseError: syntax error, unexpected identifier " ", expecting "," or ";"
[Method: GET, Route: accounts]
in APPPATH\Views\customer_accounts.php on line 379.
 1 SYSTEMPATH\View\View.php(237): CodeIgniter\View\View->CodeIgniter\View\{closure}()
 2 SYSTEMPATH\Common.php(1171): CodeIgniter\View\View->render('customer_accounts', [], true)
 3 APPPATH\Controllers\CustomerAccounts.php(66): view('customer_accounts', [...])
 4 SYSTEMPATH\CodeIgniter.php(933): App\Controllers\CustomerAccounts->index()
 5 SYSTEMPATH\CodeIgniter.php(509): CodeIgniter\CodeIgniter->runController(Object(App\Controllers\CustomerAccounts))
 6 SYSTEMPATH\CodeIgniter.php(355): CodeIgniter\CodeIgniter->handleRequest(null, Object(Config\Cache), false)
 7 SYSTEMPATH\Boot.php(325): CodeIgniter\CodeIgniter->run()
 8 SYSTEMPATH\Boot.php(67): CodeIgniter\Boot::runCodeIgniter(Object(CodeIgniter\CodeIgniter))
 9 FCPATH\index.php(56): CodeIgniter\Boot::bootWeb(Object(Config\Paths))
CRITICAL - 2026-09-29 10:23:42 --> ParseError: syntax error, unexpected identifier " ", expecting "," or ";"
[Method: GET, Route: accounts]
in APPPATH\Views\customer_accounts.php on line 379.
 1 SYSTEMPATH\View\View.php(237): CodeIgniter\View\View->CodeIgniter\View\{closure}()
 2 SYSTEMPATH\Common.php(1171): CodeIgniter\View\View->render('customer_accounts', [], true)
 3 APPPATH\Controllers\CustomerAccounts.php(66): view('customer_accounts', [...])
 4 SYSTEMPATH\CodeIgniter.php(933): App\Controllers\CustomerAccounts->index()
 5 SYSTEMPATH\CodeIgniter.php(509): CodeIgniter\CodeIgniter->runController(Object(App\Controllers\CustomerAccounts))
 6 SYSTEMPATH\CodeIgniter.php(355): CodeIgniter\CodeIgniter->handleRequest(null, Object(Config\Cache), false)
 7 SYSTEMPATH\Boot.php(325): CodeIgniter\CodeIgniter->run()
 8 SYSTEMPATH\Boot.php(67): CodeIgniter\Boot::runCodeIgniter(Object(CodeIgniter\CodeIgniter))
 9 FCPATH\index.php(56): CodeIgniter\Boot::bootWeb(Object(Config\Paths))
CRITICAL - 2026-09-29 10:23:43 --> ParseError: syntax error, unexpected identifier " ", expecting "," or ";"
[Method: GET, Route: accounts]
in APPPATH\Views\customer_accounts.php on line 379.
 1 SYSTEMPATH\View\View.php(237): CodeIgniter\View\View->CodeIgniter\View\{closure}()
 2 SYSTEMPATH\Common.php(1171): CodeIgniter\View\View->render('customer_accounts', [], true)
 3 APPPATH\Controllers\CustomerAccounts.php(66): view('customer_accounts', [...])
 4 SYSTEMPATH\CodeIgniter.php(933): App\Controllers\CustomerAccounts->index()
 5 SYSTEMPATH\CodeIgniter.php(509): CodeIgniter\CodeIgniter->runController(Object(App\Controllers\CustomerAccounts))
 6 SYSTEMPATH\CodeIgniter.php(355): CodeIgniter\CodeIgniter->handleRequest(null, Object(Config\Cache), false)
 7 SYSTEMPATH\Boot.php(325): CodeIgniter\CodeIgniter->run()
 8 SYSTEMPATH\Boot.php(67): CodeIgniter\Boot::runCodeIgniter(Object(CodeIgniter\CodeIgniter))
 9 FCPATH\index.php(56): CodeIgniter\Boot::bootWeb(Object(Config\Paths))
CRITICAL - 2026-09-29 10:23:43 --> ParseError: syntax error, unexpected identifier " ", expecting "," or ";"
[Method: GET, Route: accounts]
in APPPATH\Views\customer_accounts.php on line 379.
 1 SYSTEMPATH\View\View.php(237): CodeIgniter\View\View->CodeIgniter\View\{closure}()
 2 SYSTEMPATH\Common.php(1171): CodeIgniter\View\View->render('customer_accounts', [], true)
 3 APPPATH\Controllers\CustomerAccounts.php(66): view('customer_accounts', [...])
 4 SYSTEMPATH\CodeIgniter.php(933): App\Controllers\CustomerAccounts->index()
 5 SYSTEMPATH\CodeIgniter.php(509): CodeIgniter\CodeIgniter->runController(Object(App\Controllers\CustomerAccounts))
 6 SYSTEMPATH\CodeIgniter.php(355): CodeIgniter\CodeIgniter->handleRequest(null, Object(Config\Cache), false)
 7 SYSTEMPATH\Boot.php(325): CodeIgniter\CodeIgniter->run()
 8 SYSTEMPATH\Boot.php(67): CodeIgniter\Boot::runCodeIgniter(Object(CodeIgniter\CodeIgniter))
 9 FCPATH\index.php(56): CodeIgniter\Boot::bootWeb(Object(Config\Paths))
CRITICAL - 2026-09-29 10:23:43 --> ParseError: syntax error, unexpected identifier " ", expecting "," or ";"
[Method: GET, Route: accounts]
in APPPATH\Views\customer_accounts.php on line 379.
 1 SYSTEMPATH\View\View.php(237): CodeIgniter\View\View->CodeIgniter\View\{closure}()
 2 SYSTEMPATH\Common.php(1171): CodeIgniter\View\View->render('customer_accounts', [], true)
 3 APPPATH\Controllers\CustomerAccounts.php(66): view('customer_accounts', [...])
 4 SYSTEMPATH\CodeIgniter.php(933): App\Controllers\CustomerAccounts->index()
 5 SYSTEMPATH\CodeIgniter.php(509): CodeIgniter\CodeIgniter->runController(Object(App\Controllers\CustomerAccounts))
 6 SYSTEMPATH\CodeIgniter.php(355): CodeIgniter\CodeIgniter->handleRequest(null, Object(Config\Cache), false)
 7 SYSTEMPATH\Boot.php(325): CodeIgniter\CodeIgniter->run()
 8 SYSTEMPATH\Boot.php(67): CodeIgniter\Boot::runCodeIgniter(Object(CodeIgniter\CodeIgniter))
 9 FCPATH\index.php(56): CodeIgniter\Boot::bootWeb(Object(Config\Paths))
